// Jest Snapshot v1, https://goo.gl/fbAQLP

exports[`Probando GifItem Match con el snapshot 1`] = `
<div>
  <div
    class="card"
  >
    <img
      alt="One Piece"
      src="https://one-punch.com/saitama.jpg"
    />
    <p>
      One Piece
    </p>
  </div>
</div>
`;
